[     180ms] [WARNING] [Vue warn]: Unhandled error during execution of render function 
  at <BookCard key=undefined book= [Object, Object] progress=0 > 
  at <Library onVnodeUnmounted=fn<onVnodeUnmounted> ref=Ref< Proxy(Object) > > 
  at <RouterView> 
  at <App> @ http://localhost:5173/node_modules/.vite/deps/chunk-SLZUSZ5I.js?v=d3f097ec:2214
[     180ms] [WARNING] [Vue warn]: Unhandled error during execution of component update 
  at <Library onVnodeUnmounted=fn<onVnodeUnmounted> ref=Ref< Proxy(Object) > > 
  at <RouterView> 
  at <App> @ http://localhost:5173/node_modules/.vite/deps/chunk-SLZUSZ5I.js?v=d3f097ec:2214
[     183ms] TypeError: Cannot read properties of undefined (reading 'toLowerCase')
    at ComputedRefImpl.fn (http://localhost:5173/src/components/BookCard.vue:16:41)
    at refreshComputed (http://localhost:5173/node_modules/.vite/deps/chunk-SLZUSZ5I.js?v=d3f097ec:672:29)
    at get value (http://localhost:5173/node_modules/.vite/deps/chunk-SLZUSZ5I.js?v=d3f097ec:1927:5)
    at unref (http://localhost:5173/node_modules/.vite/deps/chunk-SLZUSZ5I.js?v=d3f097ec:1782:30)
    at Object.get (http://localhost:5173/node_modules/.vite/deps/chunk-SLZUSZ5I.js?v=d3f097ec:1788:64)
    at Proxy._sfc_render (http://localhost:5173/src/components/BookCard.vue:77:35)
    at renderComponentRoot (http://localhost:5173/node_modules/.vite/deps/chunk-SLZUSZ5I.js?v=d3f097ec:6738:17)
    at ReactiveEffect.componentUpdateFn [as fn] (http://localhost:5173/node_modules/.vite/deps/chunk-SLZUSZ5I.js?v=d3f097ec:8306:46)
    at ReactiveEffect.run (http://localhost:5173/node_modules/.vite/deps/chunk-SLZUSZ5I.js?v=d3f097ec:518:19)
    at setupRenderEffect (http://localhost:5173/node_modules/.vite/deps/chunk-SLZUSZ5I.js?v=d3f097ec:8441:5)
[     186ms] [ERROR] Failed to load resource: the server responded with a status of 404 (Not Found) @ http://localhost:5173/favicon.ico:0
